chirac
jospin
le_pen
mammère
premier_tour
second_tour
deuxième_tour
élections_présidentielles
élection
présidentiel
lutte
lutte_ouvrière
cgt
cfdt
frontière
israël
palestine
gaza
cisjordanie
premier_ministre
ministre
france
chirac
états-unis
israël
onu
palestinien
europe
israélien
candidat
euro
new_york
washington
chaîne
politique
campagne
gauche
présidentiel
président
président_de_la_république
vivendi
arafat
sharon
monde
extrême_droite
juif
élection
national
européen
italie
vote
berlusconi
cisjordanie
armée
retraite
front_national
américain
société
foi
droit
allemagne
film
social
vie
ville
conseil
issir
ministre
lyon
enfant
chavez
temps
venezuela
cuba
castro
fond
résultat
gouvernement
électeur
palestine
nantes
banque
messier
camp
travail
international
question
femme
arabe
assemblée
chef
guerre
république
loi
toulouse
sécurité
service
étranger
équipe
front
guerre
ramallah
famille
prix
mouvement
coût
histoire
législatif
rapport
marseille
juppé
opération
association
idée
mamère
action
bordeaux
socialiste
droite
financier
accord
économique
territoire
russie
enquête
système
universal
grande-bretagne
salarié
algérie
projet
militaire
powell
insécurité
paix
jérusalem
juge
école
emploi
manifestation
bush
attentat
police
espagne
bayrou
recherche
moscou
sondage
musique
étude
formation
cinéma
policier
impôt
victime
amérique
culture
risque
étudiant
violence
justice
civil
crise
syndicat
oeuvre
vert
média
art
défense
peine
économie
synagogue
terre
démocratie
majorité
soldat
terrorisme
conflit
naplouse
hollande
madrid
zone
engagement
septembre
administration
revanche
contrat
hausse
eau
vente
liberté
fonction_publique
internet
angleterre
thème
campagne
université
cesser-le-feu
ump
parti_socialiste